// Jest Snapshot v1, https://goo.gl/fbAQLP

exports[`JATS importing and exporting to HTML round-trips JATS XML to HTML: jats-html-export 1`] = `
"<!DOCTYPE html><html xmlns=\\"http://www.w3.org/1999/xhtml\\"><article><header><div><h1 data-journal=\\"Human Psychopharmacology: Clinical and Experimental\\">LW5 TEST DOCUMENT figures – 2 refs No Tables 4 figures No equations</h1><div class=\\"contrib-group\\"><span class=\\"contrib\\" id=\\"contrib-1\\" data-uuid=\\"MPContributor:test\\"><span class=\\"contrib-name\\"><span class=\\"contrib-given-names\\">Song Tian</span> <span class=\\"contrib-surname\\">Gao</span></span><a data-ref-type=\\"aff\\" href=\\"#affiliation-1\\">1</a></span></div><ol class=\\"affiliations-list\\"><li class=\\"affiliation\\" id=\\"affiliation-1\\" data-uuid=\\"MPAffiliation:test\\">Xinghua Forth People’s Hospital</li></ol></div></header><section id=\\"section-1\\" class=\\"bibliography\\" spellcheck=\\"false\\" data-uuid=\\"MPSection:test\\"><h1>REFERENCES</h1><div xmlns=\\"http://www.w3.org/1999/xhtml\\" class=\\"csl-bib-body\\">  <div class=\\"csl-entry\\">
    <div class=\\"csl-left-margin\\"><span data-field=\\"citation-number\\">1</span>.</div><div class=\\"csl-right-inline\\"><span data-field=\\"author\\">Caldwell, C. B. &amp; Gottesman, I. I</span>. <span data-field=\\"title\\">Schizophrenia--a high-risk factor for suicide: clues to risk reduction</span>. <span data-field=\\"container-title\\"><i>Suicide Life Threat Behav.</i></span> <span data-field=\\"volume\\"><b>22</b></span>, <span data-field=\\"page\\">479–493</span> <span data-field=\\"issued\\">(1992)</span>.</div>
  </div>

  <div class=\\"csl-entry\\">
    <div class=\\"csl-left-margin\\"><span data-field=\\"citation-number\\">2</span>.</div><div class=\\"csl-right-inline\\"><span data-field=\\"author\\">Hor, Kk. &amp; Taylor, Mm</span>. <a href=\\"https://doi.org/10.1177%2F1359786810385490\\" data-field=\\"title\\">Suicide and schizophrenia: a systematic review of rates and risk factors</a>. <span data-field=\\"container-title\\"><i>J Psychopharmacol.</i></span> <span data-field=\\"volume\\"><b>24</b></span>, <span data-field=\\"page\\">81–90</span> <span data-field=\\"issued\\">(2010)</span>.</div>
  </div>
</div></section></article></html>"
`;
